node.exe : npm warn Unknown 
project config 
"strict-peer-dependencies". This 
will stop working in the next 
major version of npm.
At line:1 char:1
+ & "C:\Program 
Files\nodejs/node.exe" 
"C:\Program Files\nodejs/node_mo 
...
+ ~~~~~~~~~~~~~~~~~~~~~~~~~~~~~~~~
~~~~~~~~~~~~~~~~~~~~~~~~~~~~~~~~~~
~~~
    + CategoryInfo          : Not 
   Specified: (npm warn Unknow..  
  .version of npm.:String) [],    
 RemoteException
    + FullyQualifiedErrorId : Nat 
   iveCommandError
 

> freelance-platform@0.1.0 build
> npm install --legacy-peer-deps && next build

npm warn Unknown project config 
"strict-peer-dependencies". This 
will stop working in the next 
major version of npm.

up to date, audited 519 packages in 1s

170 packages are looking for funding
  run `npm fund` for details

4 high severity vulnerabilities

To address all issues (including breaking changes), run:
  npm audit fix --force

Run `npm audit` for details.
  Γû▓ Next.js 14.2.35
  - Environments: .env.local

   Creating an optimized production build ...
 ΓÜá Found lockfile missing swc 
dependencies, patching...
npm warn Unknown project config 
"strict-peer-dependencies". This 
will stop working in the next 
major version of npm.
 Γ¿» Failed to patch lockfile, 
please try uninstalling and 
reinstalling next in this 
workspace
TypeError: Cannot read properties 
of undefined (reading 'os')
    at fetchPkgInfo (C:\Users\Gour
av\OneDrive\Desktop\vasudha\freela
nce-platform\node_modules\next\dis
t\lib\patch-incorrect-lockfile.js:
73:25)
    at 
process.processTicksAndRejections 
(node:internal/process/task_queues
:105:5)
    at async Promise.all (index 2)
    at async 
patchIncorrectLockfile (C:\Users\G
ourav\OneDrive\Desktop\vasudha\fre
elance-platform\node_modules\next\
dist\lib\patch-incorrect-lockfile.
js:162:26)
 ΓÜá Found lockfile missing swc 
dependencies, patching...
npm warn Unknown project config 
"strict-peer-dependencies". This 
will stop working in the next 
major version of npm.
 ΓÜá Found lockfile missing swc 
dependencies, patching...
npm warn Unknown project config 
"strict-peer-dependencies". This 
will stop working in the next 
major version of npm.
 Γ£ô Compiled successfully
   Linting and checking validity of types ...

Failed to compile.

./src/app/login/page.tsx
36:8  Warning: React Hook 
useEffect has a missing 
dependency: 'supabase'. Either 
include it or remove the 
dependency array.  
react-hooks/exhaustive-deps

./src/app/page.tsx
47:6  Warning: React Hook 
useEffect has a missing 
dependency: 'supabase'. Either 
include it or remove the 
dependency array.  
react-hooks/exhaustive-deps
67:9  Error: 'accentColor' is 
assigned a value but never used.  
@typescript-eslint/no-unused-vars
69:9  Error: 'accentBorder' is 
assigned a value but never used.  
@typescript-eslint/no-unused-vars
71:9  Error: 'accentShadow' is 
assigned a value but never used.  
@typescript-eslint/no-unused-vars

./src/app/profile/page.tsx
14:44  Error: Unexpected any. 
Specify a different type.  
@typescript-eslint/no-explicit-any
36:27  Error: Unexpected any. 
Specify a different type.  
@typescript-eslint/no-explicit-any

./src/components/canvas/NexusConst
ellations.tsx
144:28  Error: Unexpected any. 
Specify a different type.  
@typescript-eslint/no-explicit-any
144:41  Error: Unexpected any. 
Specify a different type.  
@typescript-eslint/no-explicit-any

./src/components/canvas/NexusCore3
D.tsx
38:8  Warning: React Hook useMemo 
has a missing dependency: 
'reduced'. Either include it or 
remove the dependency array.  
react-hooks/exhaustive-deps

./src/components/dashboard/Contrac
tTracker.tsx
5:10  Error: 'gsap' is defined 
but never used.  
@typescript-eslint/no-unused-vars
43:70  Error: Unexpected any. 
Specify a different type.  
@typescript-eslint/no-explicit-any

./src/components/dashboard/Freelan
cerDashboard.tsx
4:10  Error: 'Suspense' is 
defined but never used.  
@typescript-eslint/no-unused-vars
10:7  Error: 'DataCoreHologram' 
is assigned a value but never 
used.  
@typescript-eslint/no-unused-vars

./src/components/dashboard/OrgDash
board.tsx
4:10  Error: 'Suspense' is 
defined but never used.  
@typescript-eslint/no-unused-vars
10:7  Error: 'DataCoreHologram' 
is assigned a value but never 
used.  
@typescript-eslint/no-unused-vars

./src/components/dashboard/StatWid
get.tsx
4:10  Error: 'useEffect' is 
defined but never used.  
@typescript-eslint/no-unused-vars

./src/components/explore/NexusOver
lay.tsx
9:11  Error: 'router' is assigned 
a value but never used.  
@typescript-eslint/no-unused-vars

./src/components/MissionDeployment
.tsx
3:15  Error: 'Activity' is 
defined but never used.  
@typescript-eslint/no-unused-vars
3:25  Error: 'ShieldCheck' is 
defined but never used.  
@typescript-eslint/no-unused-vars

./src/components/TalentSearch.tsx
3:18  Error: 'Filter' is defined 
but never used.  
@typescript-eslint/no-unused-vars

./src/components/ui/Navigation.tsx
43:8  Warning: React Hook 
useEffect has missing 
dependencies: 'isAuthenticated', 
'role', and 'supabase'. Either 
include them or remove the 
dependency array.  
react-hooks/exhaustive-deps

./src/lib/userStore.ts
11:29  Error: Unexpected any. 
Specify a different type.  
@typescript-eslint/no-explicit-any

info  - Need to disable some 
ESLint rules? Learn more here: htt
ps://nextjs.org/docs/basic-feature
s/eslint#disabling-rules
